[error] Failed to fetch Firebase Project from Studio Workspace because WORKSPACE_SLUG environment variable is empty
[error] Failed to fetch Firebase Project from Studio Workspace because WORKSPACE_SLUG environment variable is empty
[debug] [2026-02-21T11:14:12.889Z] > command requires scopes: ["email","openid","https://www.googleapis.com/auth/cloudplatformprojects.readonly","https://www.googleapis.com/auth/firebase","https://www.googleapis.com/auth/cloud-platform","https://www.googleapis.com/auth/userinfo.email"]
[debug] [2026-02-21T11:14:12.895Z] > authorizing via signed-in user (berdibekovnjupt@gmail.com)
[debug] [2026-02-21T11:14:12.900Z] Checked if tokens are valid: false, expires at: 1771673057936
[debug] [2026-02-21T11:14:12.901Z] Checked if tokens are valid: false, expires at: 1771673057936
[debug] [2026-02-21T11:14:12.904Z] > refreshing access token with scopes: []
[debug] [2026-02-21T11:14:12.907Z] >>> [apiv2][query] POST https://www.googleapis.com/oauth2/v3/token [none]
[debug] [2026-02-21T11:14:12.907Z] >>> [apiv2][body] POST https://www.googleapis.com/oauth2/v3/token [omitted]
[debug] [2026-02-21T11:14:12.986Z] <<< [apiv2][status] POST https://www.googleapis.com/oauth2/v3/token 200
[debug] [2026-02-21T11:14:12.987Z] <<< [apiv2][body] POST https://www.googleapis.com/oauth2/v3/token [omitted]
[debug] [2026-02-21T11:14:13.015Z] >>> [apiv2][query] GET https://cloudbilling.googleapis.com/v1/projects/studio-4893275348-979ce/billingInfo [none]
[debug] [2026-02-21T11:14:13.228Z] <<< [apiv2][status] GET https://cloudbilling.googleapis.com/v1/projects/studio-4893275348-979ce/billingInfo 200
[debug] [2026-02-21T11:14:13.231Z] <<< [apiv2][body] GET https://cloudbilling.googleapis.com/v1/projects/studio-4893275348-979ce/billingInfo {"name":"projects/studio-4893275348-979ce/billingInfo","projectId":"studio-4893275348-979ce","billingAccountName":"billingAccounts/01EE57-4D61B7-D7EC6C","billingEnabled":true}
[debug] [2026-02-21T11:14:13.263Z] Checked if tokens are valid: true, expires at: 1771676051989
[debug] [2026-02-21T11:14:13.264Z] Checked if tokens are valid: true, expires at: 1771676051989
[debug] [2026-02-21T11:14:13.351Z] Checked if tokens are valid: true, expires at: 1771676051989
[debug] [2026-02-21T11:14:13.351Z] Checked if tokens are valid: true, expires at: 1771676051989
[debug] [2026-02-21T11:14:13.352Z] >>> [apiv2][query] GET https://serviceusage.googleapis.com/v1/projects/studio-4893275348-979ce/services/firebasedataconnect.googleapis.com [none]
[debug] [2026-02-21T11:14:13.352Z] >>> [apiv2][(partial)header] GET https://serviceusage.googleapis.com/v1/projects/studio-4893275348-979ce/services/firebasedataconnect.googleapis.com  x-goog-user-project=studio-4893275348-979ce
[debug] [2026-02-21T11:14:13.355Z] >>> [apiv2][query] GET https://serviceusage.googleapis.com/v1/projects/studio-4893275348-979ce/services/firebaseio.com [none]
[debug] [2026-02-21T11:14:13.355Z] >>> [apiv2][(partial)header] GET https://serviceusage.googleapis.com/v1/projects/studio-4893275348-979ce/services/firebaseio.com  x-goog-user-project=studio-4893275348-979ce
[debug] [2026-02-21T11:14:14.161Z] <<< [apiv2][status] GET https://serviceusage.googleapis.com/v1/projects/studio-4893275348-979ce/services/firebaseio.com 403
[debug] [2026-02-21T11:14:14.161Z] <<< [apiv2][body] GET https://serviceusage.googleapis.com/v1/projects/studio-4893275348-979ce/services/firebaseio.com [omitted]
[debug] [2026-02-21T11:14:14.364Z] <<< [apiv2][status] GET https://serviceusage.googleapis.com/v1/projects/studio-4893275348-979ce/services/firebasedataconnect.googleapis.com 200
[debug] [2026-02-21T11:14:14.365Z] <<< [apiv2][body] GET https://serviceusage.googleapis.com/v1/projects/studio-4893275348-979ce/services/firebasedataconnect.googleapis.com [omitted]
[error] Failed to fetch Firebase Project from Studio Workspace because WORKSPACE_SLUG environment variable is empty
[error] Failed to fetch Firebase Project from Studio Workspace because WORKSPACE_SLUG environment variable is empty
[error] Failed to fetch Firebase Project from Studio Workspace because WORKSPACE_SLUG environment variable is empty
[debug] [2026-02-21T11:14:14.402Z] > command requires scopes: ["email","openid","https://www.googleapis.com/auth/cloudplatformprojects.readonly","https://www.googleapis.com/auth/firebase","https://www.googleapis.com/auth/cloud-platform","https://www.googleapis.com/auth/userinfo.email"]
[debug] [2026-02-21T11:14:14.402Z] > authorizing via signed-in user (berdibekovnjupt@gmail.com)
[debug] [2026-02-21T11:14:14.402Z] Checked if tokens are valid: true, expires at: 1771676051989
[debug] [2026-02-21T11:14:14.402Z] Checked if tokens are valid: true, expires at: 1771676051989
[debug] [2026-02-21T11:14:14.403Z] >>> [apiv2][query] GET https://cloudbilling.googleapis.com/v1/projects/studio-4893275348-979ce/billingInfo [none]
[debug] [2026-02-21T11:14:14.644Z] <<< [apiv2][status] GET https://cloudbilling.googleapis.com/v1/projects/studio-4893275348-979ce/billingInfo 200
[debug] [2026-02-21T11:14:14.647Z] <<< [apiv2][body] GET https://cloudbilling.googleapis.com/v1/projects/studio-4893275348-979ce/billingInfo {"name":"projects/studio-4893275348-979ce/billingInfo","projectId":"studio-4893275348-979ce","billingAccountName":"billingAccounts/01EE57-4D61B7-D7EC6C","billingEnabled":true}
[error] Failed to fetch Firebase Project from Studio Workspace because WORKSPACE_SLUG environment variable is empty
[debug] [2026-02-21T11:14:14.657Z] > command requires scopes: ["email","openid","https://www.googleapis.com/auth/cloudplatformprojects.readonly","https://www.googleapis.com/auth/firebase","https://www.googleapis.com/auth/cloud-platform","https://www.googleapis.com/auth/userinfo.email"]
[debug] [2026-02-21T11:14:14.657Z] > authorizing via signed-in user (berdibekovnjupt@gmail.com)
[error] Failed to fetch Firebase Project from Studio Workspace because WORKSPACE_SLUG environment variable is empty
[error] Failed to fetch Firebase Project from Studio Workspace because WORKSPACE_SLUG environment variable is empty
[error] Failed to fetch Firebase Project from Studio Workspace because WORKSPACE_SLUG environment variable is empty
[error] Failed to fetch Firebase Project from Studio Workspace because WORKSPACE_SLUG environment variable is empty
[debug] [2026-02-21T11:14:14.742Z] > command requires scopes: ["email","openid","https://www.googleapis.com/auth/cloudplatformprojects.readonly","https://www.googleapis.com/auth/firebase","https://www.googleapis.com/auth/cloud-platform","https://www.googleapis.com/auth/userinfo.email"]
[debug] [2026-02-21T11:14:14.743Z] > authorizing via signed-in user (berdibekovnjupt@gmail.com)
[debug] [2026-02-21T11:14:14.745Z] Checked if tokens are valid: true, expires at: 1771676051989
[debug] [2026-02-21T11:14:14.745Z] Checked if tokens are valid: true, expires at: 1771676051989
[debug] [2026-02-21T11:14:14.747Z] >>> [apiv2][query] GET https://cloudbilling.googleapis.com/v1/projects/studio-4893275348-979ce/billingInfo [none]
[error] Failed to fetch Firebase Project from Studio Workspace because WORKSPACE_SLUG environment variable is empty
[error] Failed to fetch Firebase Project from Studio Workspace because WORKSPACE_SLUG environment variable is empty
[debug] [2026-02-21T11:14:14.790Z] > command requires scopes: ["email","openid","https://www.googleapis.com/auth/cloudplatformprojects.readonly","https://www.googleapis.com/auth/firebase","https://www.googleapis.com/auth/cloud-platform","https://www.googleapis.com/auth/userinfo.email"]
[debug] [2026-02-21T11:14:14.791Z] > authorizing via signed-in user (berdibekovnjupt@gmail.com)
[debug] [2026-02-21T11:14:14.796Z] Checked if tokens are valid: true, expires at: 1771676051989
[debug] [2026-02-21T11:14:14.796Z] Checked if tokens are valid: true, expires at: 1771676051989
[debug] [2026-02-21T11:14:14.796Z] >>> [apiv2][query] GET https://cloudbilling.googleapis.com/v1/projects/studio-4893275348-979ce/billingInfo [none]
[debug] [2026-02-21T11:14:14.927Z] <<< [apiv2][status] GET https://cloudbilling.googleapis.com/v1/projects/studio-4893275348-979ce/billingInfo 200
[debug] [2026-02-21T11:14:14.927Z] <<< [apiv2][body] GET https://cloudbilling.googleapis.com/v1/projects/studio-4893275348-979ce/billingInfo {"name":"projects/studio-4893275348-979ce/billingInfo","projectId":"studio-4893275348-979ce","billingAccountName":"billingAccounts/01EE57-4D61B7-D7EC6C","billingEnabled":true}
[error] Failed to fetch Firebase Project from Studio Workspace because WORKSPACE_SLUG environment variable is empty
[debug] [2026-02-21T11:14:14.944Z] > command requires scopes: ["email","openid","https://www.googleapis.com/auth/cloudplatformprojects.readonly","https://www.googleapis.com/auth/firebase","https://www.googleapis.com/auth/cloud-platform","https://www.googleapis.com/auth/userinfo.email"]
[debug] [2026-02-21T11:14:14.944Z] > authorizing via signed-in user (berdibekovnjupt@gmail.com)
[debug] [2026-02-21T11:14:15.414Z] <<< [apiv2][status] GET https://cloudbilling.googleapis.com/v1/projects/studio-4893275348-979ce/billingInfo 200
[debug] [2026-02-21T11:14:15.415Z] <<< [apiv2][body] GET https://cloudbilling.googleapis.com/v1/projects/studio-4893275348-979ce/billingInfo {"name":"projects/studio-4893275348-979ce/billingInfo","projectId":"studio-4893275348-979ce","billingAccountName":"billingAccounts/01EE57-4D61B7-D7EC6C","billingEnabled":true}
[error] Failed to fetch Firebase Project from Studio Workspace because WORKSPACE_SLUG environment variable is empty
[debug] [2026-02-21T11:14:15.417Z] > command requires scopes: ["email","openid","https://www.googleapis.com/auth/cloudplatformprojects.readonly","https://www.googleapis.com/auth/firebase","https://www.googleapis.com/auth/cloud-platform","https://www.googleapis.com/auth/userinfo.email"]
[debug] [2026-02-21T11:14:15.417Z] > authorizing via signed-in user (berdibekovnjupt@gmail.com)
